// Jest Snapshot v1, https://goo.gl/fbAQLP

exports[`main test 1`] = `
Object {
  "graphql": [MockFunction] {
    "calls": Array [
      Array [
        "
            {
              resource(url: \\"http://repository/commit/SHA1\\") {
                ... on Commit {
                  messageHeadlineHTML
                  messageBodyHTML
                  associatedPullRequests(first: 10) {
                    pageInfo {
                      hasNextPage
                    }
                    edges {
                      node {
                        title
                        number
                        timelineItems(itemTypes: [CONNECTED_EVENT, DISCONNECTED_EVENT], first: 100) {
                          pageInfo {
                            hasNextPage
                          }
                          nodes {
                            ... on ConnectedEvent {
                              __typename
                              isCrossRepository
                              subject {
                                ... on Issue {
                                  number
                                }
                              }
                            }
                            ... on DisconnectedEvent {
                              __typename
                              isCrossRepository
                              subject {
                                ... on Issue {
                                  number
                                }
                              }
                            }
                          }
                        }
                      }
                    }
                  }
                }
              }
            }
          ",
      ],
      Array [
        "
            {
              resource(url: \\"http://repository/commit/SHA2\\") {
                ... on Commit {
                  messageHeadlineHTML
                  messageBodyHTML
                  associatedPullRequests(first: 10) {
                    pageInfo {
                      hasNextPage
                    }
                    edges {
                      node {
                        title
                        number
                        timelineItems(itemTypes: [CONNECTED_EVENT, DISCONNECTED_EVENT], first: 100) {
                          pageInfo {
                            hasNextPage
                          }
                          nodes {
                            ... on ConnectedEvent {
                              __typename
                              isCrossRepository
                              subject {
                                ... on Issue {
                                  number
                                }
                              }
                            }
                            ... on DisconnectedEvent {
                              __typename
                              isCrossRepository
                              subject {
                                ... on Issue {
                                  number
                                }
                              }
                            }
                          }
                        }
                      }
                    }
                  }
                }
              }
            }
          ",
      ],
    ],
    "results": Array [
      Object {
        "type": "return",
        "value": Promise {},
      },
      Object {
        "type": "return",
        "value": Promise {},
      },
    ],
  },
  "issues": Object {
    "createComment": [MockFunction] {
      "calls": Array [
        Array [
          Object {
            "body": "Included in release [current_tag_name](http://current_release)",
            "issue_number": 3,
          },
        ],
        Array [
          Object {
            "body": "Included in release [current_tag_name](http://current_release)",
            "issue_number": 123,
          },
        ],
        Array [
          Object {
            "body": "Included in release [current_tag_name](http://current_release)",
            "issue_number": 2,
          },
        ],
      ],
      "results": Array [
        Object {
          "type": "return",
          "value": Promise {},
        },
        Object {
          "type": "return",
          "value": Promise {},
        },
        Object {
          "type": "return",
          "value": Promise {},
        },
      ],
    },
  },
  "repos": Object {
    "compareCommits": [MockFunction] {
      "calls": Array [
        Array [
          Object {
            "base": "prior_tag_name",
            "head": "current_tag_name",
          },
        ],
      ],
      "results": Array [
        Object {
          "type": "return",
          "value": Promise {},
        },
      ],
    },
    "listReleases": [MockFunction] {
      "calls": Array [
        Array [
          Object {
            "per_page": 2,
          },
        ],
      ],
      "results": Array [
        Object {
          "type": "return",
          "value": Promise {},
        },
      ],
    },
  },
}
`;
